============================================================
DTW AUDIO SYNC PIPELINE
============================================================

[STEP 1/3] Running DTW Alignment...
  Recording 1: https://www.youtube.com/watch?v=2360gtWBFeA
  Recording 2: https://www.youtube.com/watch?v=R56ERxHtvkI
  Rec1: offset=54.35s, end=2159.0
  Rec2: offset=33.03s, end=2175.0
  Effective End1: 2159.0
  Effective End2: 2175.0

[1/3] Downloading audio...
  Rec 1 ID: 3b6f73ee5e
  Rec 2 ID: 4ffc14bf8e
  [Cache hit] audio_cache/3b6f73ee5e.m4a
  [Cache hit] audio_cache/4ffc14bf8e.m4a

[2/3] Loading audio...
  Computing HPSS (harmonic separation) in parallel...
  [Parallel HPSS] Checking cache for 2 items...
    [Cache hit] audio_cache/3b6f73ee5e_harmonic.npy
    [Cache hit] audio_cache/4ffc14bf8e_harmonic.npy
  Loading raw audio waveforms...
  Recording 1: 2104.7s (offset=54.35s, end=2159.0)
  Recording 2: 2142.0s (offset=33.03s, end=2175.0)
  Zero-cost silence: 2810 frames (12.4%) set to zero
  Zero-cost silence: 1443 frames (6.3%) set to zero

[3/3] Running Hybrid 2-Pass Sync...

--- DTW Alignment (dtaidistance C backend) ---
  Sample Rate: 22050 Hz
  Coarse resolution: 22660 x 23062 frames (~10.8Hz)
  Sakoe-Chiba window: 322 coarse frames (30.0s)
  Computing DTW (dtaidistance C backend) on Native 10Hz features...
  Coarse path length: 24288
  Computation time: 26.33s
Results saved to sync_path_test.json
  Path points: 24288

[STEP 2/3] Mapping Timestamps (Global + Local Refinement)...
  Rec1 Timestamps Offset: 54.35s
\n--- Mapping Timestamps (Global + Local + Onset) ---
  [Pre-computing high-res features for local refinement]
  Computing high-res features (hop=256, ~86Hz)...
  High-res features: 181280 frames (2104.7s)
  Computing high-res features (hop=256, ~86Hz)...
  High-res features: 184494 frames (2142.0s)
  [Detecting onsets for snapping]
  Feature & Onset computation: 96.9s
  Detected Onsets: Rec1=3702, Rec2=3944
  [Running Parallel Refinement on 8 cores using memmap]
  Mapped 1047 timestamps
  Onset Snapping:   snapped 0/0 eligible points (Rec1 on beat)
  Total Time: 2.9s (3ms/point)
  Refinement Damage Guard: kept 670, reverted 23
  Smarter Smoothing: Pass 1 corrected 20, Pass 2 corrected 0, Pass 3 corrected 0 (skipped 221 sparse-section points)
  Mapped 1047 timestamps

[OFFSET CALCULATION]
  Rec2 Start Offset (input): 33.03s
  Mapped time of Index 0: 0.081s
  Total Offset for Rec2: 33.111000000000004s

[ZERO-BASED OUTPUT]
  Shifted all timestamps so Index 0 starts at t=0

[LOW ENERGY ANALYSIS] Flagging timestamps during silence/quiet passages...
  Found 214 timestamps in low-energy (silence) zones

[STEP 2.5/3] Running Round-Trip Verification (Backward Pass)...
  Running backward DTW (reusing features — no re-extraction)...

--- DTW Alignment (dtaidistance C backend) ---
  Sample Rate: 22050 Hz
  Coarse resolution: 23062 x 22660 frames (~10.8Hz)
  Sakoe-Chiba window: 322 coarse frames (30.0s)
  Computing DTW (dtaidistance C backend) on Native 10Hz features...
  Coarse path length: 24288
  Computation time: 21.69s
  Backward path points: 24288

  [TEMPO RATIO ANALYSIS]
    Global median tempo ratio: 1.0400
    Tempo anomalies detected: 9
    Gap anomalies detected: 163 (|Δt_rec2 - Δt_rec1| > 0.4s)

  [OFFSET TREND ANALYSIS]
    Offset trend anomalies: 110 (deviation > 0.25s)

  [FEATURE DISTANCE ANALYSIS]
    Median Feature Distance: 0.6402
    Audio Match Anomalies detected: 12 (distance > 1.0500)

  [CONFIDENCE SUMMARY]
    HIGH:   1020
    MEDIUM: 10 (high RT error — worth checking)
    LOW:    17 (tempo/gap anomaly — likely needs correction)
    Mean RT Error: 0.0954s (excluding final timestamp)
    Max RT Error:  3.2899s at index 441 (mix=441)

  🚩 Timestamps Needing Manual Review (27 items):
  Index |   Mix |   Conf |  Feat Dist |   RT Error |  Gap Dev |  Off Dev |   T (Rec2)
  -------------------------------------------------------------------------------------
    399 |   399 |    LOW |     1.3108 |    0.0378s |   0.074s |   0.074s |   1309.420s
    538 |   538 |    LOW |     1.2264 |    0.0046s |   0.231s |   0.006s |   1613.961s
    307 |   307 |    LOW |     1.1832 |    0.0425s |   0.325s |   0.000s |    785.485s
    817 |   817 |    LOW |     1.1212 |    0.0753s |   0.026s |   0.051s |   1878.680s
    159 |   159 |    LOW |     1.1164 |    0.1373s |   0.078s |   0.109s |    393.683s
    316 |   316 |    LOW |     1.0998 |    0.1026s |   0.188s |   0.000s |    807.323s
    141 |   141 |    LOW |     1.0921 |    0.0478s |   0.359s |   0.000s |    349.843s
    903 |   903 |    LOW |     1.0817 |    0.1624s |   0.304s |   0.000s |   1962.913s
    282 |   282 |    LOW |     1.0749 |    0.1105s |   0.237s |   0.313s |    724.265s
    308 |   308 |    LOW |     1.0586 |    0.1373s |   0.184s |   0.000s |    787.900s
    304 |   304 |    LOW |     1.0580 |    0.1628s |   0.206s |   0.000s |    778.043s
    611 |   611 |    LOW |     1.0562 |    0.0136s |   0.061s |   0.040s |   1686.047s
    516 |   516 |    LOW |     0.7946 |    0.0448s |   0.270s |   0.082s |   1591.879s
    169 |   169 |    LOW |     0.7388 |    0.0166s |   1.070s |   0.236s |    419.910s
    416 |   416 |    LOW |     0.7282 |    0.7826s |   0.473s |   0.038s |   1371.928s
    441 |   441 |    LOW |     0.6724 |    3.2899s |   6.592s |   0.000s |   1506.511s
    378 |   378 |    LOW |     0.4636 |    0.6356s |   0.357s |   0.000s |   1233.816s
    289 |   289 | MEDIUM |     1.0294 |    0.2157s |   0.291s |   0.127s |    742.748s
    850 |   850 | MEDIUM |     0.8763 |    0.2214s |   0.217s |   0.012s |   1907.659s
    579 |   579 | MEDIUM |     0.8317 |    0.3229s |   0.000s |   0.077s |   1651.531s
     27 |    27 | MEDIUM |     0.7430 |    0.2582s |   0.518s |   0.842s |     72.667s
    911 |   911 | MEDIUM |     0.7207 |    0.2957s |   0.139s |   0.000s |   1971.490s
      3 |     3 | MEDIUM |     0.6530 |    0.4497s |   0.708s |   0.000s |      9.137s
    428 |   428 | MEDIUM |     0.6383 |    0.3757s |   1.495s |   0.000s |   1426.100s
    427 |   427 | MEDIUM |     0.6262 |    0.3199s |   1.161s |   0.000s |   1423.499s
    365 |   365 | MEDIUM |     0.6238 |    0.2678s |   0.209s |   0.014s |   1177.066s
    286 |   286 | MEDIUM |     0.5442 |    0.2033s |   0.036s |   0.371s |    735.097s



[STEP 3/3] Comparing with Ground Truth (Rec 2 Manual Timestamps)...
  Comparing 1046 indices (excluding final timestamp)...
  ---------------------------------------------------------------------------------------------------------
  SUMMARY STATISTICS:
    MAE (Coarse DTW only):       0.1441s
    MAE (After Local Refinement): 0.1511s  ↑ DEGRADED
    MAE (After Smoothing):        0.1510s  ↓ improved
    Max Absolute Error: 3.3800s at index 440
    Total points with error >= 15%: 262 (25.0%)

    Local Refinement:  helped 282, hurt 388, neutral 376
    Smoothing:         helped 12, hurt 8, not applied 1026
    MAE (High Confidence points only): 0.1515s
    Max Error (High Confidence points): 3.3800s

  ⚠️  UNFLAGGED ERRORS (False Negatives): 258
      Measurements with significant error (>15% and >0.05s) but marked HIGH confidence.
      These were MISSED by the internal flagging logic.
   Idx |   Mix |    Error |    % Err |     Pred |       GT |   RT Err |  FeatDst |   GapDev |   OffDev
  --------------------------------------------------------------------------------------------------------------
    29 |    29 |    0.591s |    24.1% |  111.606s |  111.015s |    0.079 |    0.626 |    1.130 |    0.334
    46 |    46 |    0.473s |    20.2% |  153.357s |  153.830s |    0.008 |    0.391 |    0.000 |    0.000
    47 |    47 |    0.635s |    28.4% |  155.537s |  156.172s |    0.052 |    0.709 |    0.000 |    0.000
    48 |    48 |    0.604s |    23.5% |  157.804s |  158.408s |    0.182 |    0.482 |    0.000 |    0.000
   107 |   107 |    0.467s |    16.6% |  301.638s |  301.171s |    0.097 |    0.779 |    0.772 |    0.000
   148 |   148 |    0.472s |    19.2% |  399.383s |  399.855s |    0.174 |    0.557 |    0.134 |    0.134
   155 |   155 |    0.462s |    19.2% |  416.339s |  416.801s |    0.098 |    0.352 |    0.000 |    0.006
   186 |   186 |    0.537s |    16.1% |  495.095s |  495.632s |    0.080 |    0.824 |    0.274 |    0.364
   188 |   188 |    0.597s |    26.4% |  501.237s |  501.834s |    0.027 |    0.937 |    0.438 |    0.397
   222 |   222 |    0.413s |    18.1% |  587.685s |  588.098s |    0.075 |    0.681 |    0.002 |    0.002
   242 |   242 |    0.394s |    15.8% |  643.065s |  643.459s |    0.167 |    0.604 |    0.046 |    0.046
   249 |   249 |    0.683s |    26.0% |  660.584s |  661.267s |    0.199 |    0.765 |    0.263 |    0.019
   253 |   253 |    0.494s |    21.5% |  673.552s |  673.058s |    0.122 |    0.652 |    0.205 |    0.073
   276 |   276 |    0.698s |    21.3% |  737.628s |  738.326s |    0.117 |    0.612 |    0.093 |    0.778
   310 |   310 |    0.353s |    16.2% |  825.759s |  826.112s |    0.083 |    0.653 |    0.052 |    0.000
   326 |   326 |    0.371s |    15.5% |  864.804s |  865.175s |    0.025 |    0.674 |    0.332 |    0.666
   335 |   335 |    1.114s |    25.5% |  888.999s |  887.885s |    0.117 |    0.766 |    0.760 |    0.110
   350 |   350 |    0.564s |    15.6% | 1162.065s | 1162.629s |    0.051 |    0.397 |    0.596 |    0.000
   351 |   351 |    0.658s |    16.8% | 1165.595s | 1166.253s |    0.067 |    0.817 |    0.356 |    0.000
   356 |   356 |    0.522s |    19.6% | 1185.947s | 1186.469s |    0.114 |    0.957 |    0.062 |    0.000
   382 |   382 |    0.916s |    21.1% | 1283.192s | 1282.276s |    0.150 |    0.869 |    0.032 |    0.256
   392 |   392 |    0.687s |    20.6% | 1317.511s | 1318.198s |    0.139 |    0.861 |    0.055 |    0.858
   426 |   426 |    0.527s |    20.9% | 1453.522s | 1454.049s |    0.006 |    0.551 |    0.134 |    0.925
   431 |   431 |    0.879s |    16.3% | 1487.342s | 1486.463s |    0.022 |    0.727 |    3.803 |    2.597
   433 |   433 |    0.794s |    17.4% | 1497.698s | 1496.904s |    0.169 |    0.702 |    0.582 |    0.747
   438 |   438 |    2.995s |    55.2% | 1524.308s | 1521.313s |    0.118 |    0.567 |    1.466 |    2.597
   440 |   440 |    3.380s |    49.0% | 1535.837s | 1532.457s |    0.006 |    0.687 |    0.668 |    0.668
   442 |   442 |    0.250s |    20.1% | 1553.763s | 1554.013s |    0.112 |    0.370 |    6.331 |    0.409
   443 |   443 |    0.298s |    29.4% | 1554.959s | 1555.257s |    0.166 |    0.893 |    0.158 |    0.567
   444 |   444 |    0.291s |    32.3% | 1555.980s | 1556.271s |    0.123 |    0.615 |    0.135 |    0.432
   445 |   445 |    0.264s |    28.0% | 1556.909s | 1557.173s |    0.092 |    0.805 |    0.031 |    0.401
   446 |   446 |    0.325s |    36.2% | 1557.792s | 1558.117s |    0.025 |    0.582 |    0.021 |    0.380
   447 |   447 |    0.155s |    16.3% | 1558.860s | 1559.015s |    0.050 |    0.075 |    0.208 |    0.172
   448 |   448 |    0.214s |    22.4% | 1559.754s | 1559.968s |    0.047 |    0.404 |    0.061 |    0.111
   449 |   449 |    0.228s |    25.9% | 1560.694s | 1560.922s |    0.133 |    0.594 |    0.111 |    0.000
   452 |   452 |    0.170s |    17.9% | 1563.713s | 1563.883s |    0.098 |    0.548 |    0.048 |    0.000
   454 |   454 |    0.277s |    24.1% | 1565.640s | 1565.917s |    0.053 |    0.444 |    0.007 |    0.000
   456 |   456 |    0.381s |    46.3% | 1567.799s | 1568.180s |    0.121 |    0.550 |    0.061 |    0.061
   458 |   458 |    0.280s |    29.9% | 1569.843s | 1570.123s |    0.009 |    0.444 |    0.171 |    0.000
   459 |   459 |    0.312s |    29.9% | 1570.748s | 1571.060s |    0.176 |    0.425 |    0.088 |    0.000
   460 |   460 |    0.196s |    18.8% | 1571.909s | 1572.105s |    0.047 |    0.558 |    0.268 |    0.000
   461 |   461 |    0.195s |    18.3% | 1572.954s | 1573.149s |    0.162 |    0.524 |    0.187 |    0.000
   462 |   462 |    0.213s |    18.2% | 1573.999s | 1574.212s |    0.127 |    0.502 |    0.151 |    0.000
   463 |   463 |    0.268s |    25.0% | 1575.114s | 1575.382s |    0.140 |    0.854 |    0.081 |    0.000
   464 |   464 |    0.215s |    20.5% | 1576.240s | 1576.455s |    0.047 |    0.829 |    0.197 |    0.000
   465 |   465 |    0.300s |    30.3% | 1577.203s | 1577.503s |    0.030 |    0.837 |    0.144 |    0.000
   466 |   466 |    0.176s |    18.6% | 1578.318s | 1578.494s |    0.024 |    0.315 |    0.192 |    0.000
   468 |   468 |    0.278s |    27.1% | 1580.176s | 1580.454s |    0.145 |    0.547 |    0.205 |    0.202
   469 |   469 |    0.234s |    22.3% | 1581.244s | 1581.478s |    0.176 |    0.304 |    0.202 |    0.003
   470 |   470 |    0.169s |    17.4% | 1582.358s | 1582.527s |    0.027 |    0.759 |    0.241 |    0.000
   473 |   473 |    0.268s |    25.1% | 1585.319s | 1585.587s |    0.149 |    0.890 |    0.018 |    0.000
   474 |   474 |    0.211s |    25.1% | 1586.445s | 1586.656s |    0.070 |    0.490 |    0.183 |    0.000
   475 |   475 |    0.180s |    18.5% | 1587.316s | 1587.496s |    0.142 |    0.980 |    0.056 |    0.018
   476 |   476 |    0.259s |    27.2% | 1588.210s | 1588.469s |    0.057 |    0.914 |    0.051 |    0.051
   477 |   477 |    0.445s |    48.6% | 1588.976s | 1589.421s |    0.056 |    0.418 |    0.069 |    0.069
   481 |   481 |    0.173s |    17.8% | 1593.005s | 1593.178s |    0.177 |    0.492 |    0.025 |    0.000
   482 |   482 |    0.356s |    39.4% | 1593.794s | 1594.150s |    0.135 |    0.543 |    0.005 |    0.030
   486 |   486 |    0.243s |    26.8% | 1597.683s | 1597.926s |    0.170 |    0.299 |    0.152 |    0.115
   487 |   487 |    0.175s |    22.0% | 1598.659s | 1598.834s |    0.102 |    0.458 |    0.115 |    0.037
   491 |   491 |    0.132s |    16.2% | 1602.339s | 1602.471s |    0.078 |    0.655 |    0.065 |    0.000
   493 |   493 |    0.243s |    26.5% | 1604.022s | 1604.265s |    0.067 |    0.444 |    0.063 |    0.043
   494 |   494 |    0.439s |    48.5% | 1604.742s | 1605.181s |    0.156 |    0.415 |    0.112 |    0.175
   495 |   495 |    0.229s |    26.6% | 1605.857s | 1606.086s |    0.170 |    0.652 |    0.265 |    0.000
   500 |   500 |    0.149s |    15.1% | 1610.501s | 1610.650s |    0.124 |    0.781 |    0.085 |    0.000
   501 |   501 |    0.239s |    27.1% | 1611.395s | 1611.634s |    0.135 |    0.477 |    0.048 |    0.000
   502 |   502 |    0.158s |    17.3% | 1612.358s | 1612.516s |    0.093 |    0.535 |    0.168 |    0.000
   505 |   505 |    0.180s |    19.3% | 1615.377s | 1615.197s |    0.027 |    0.470 |    0.350 |    0.000
   509 |   509 |    0.282s |    30.6% | 1618.628s | 1618.910s |    0.182 |    0.370 |    0.035 |    0.035
   510 |   510 |    0.170s |    19.4% | 1619.661s | 1619.831s |    0.109 |    0.701 |    0.084 |    0.000
   512 |   512 |    0.133s |    15.6% | 1621.763s | 1621.630s |    0.122 |    0.659 |    0.256 |    0.256
   515 |   515 |    0.146s |    16.7% | 1624.340s | 1624.194s |    0.135 |    0.495 |    0.052 |    0.188
   521 |   521 |    0.245s |    18.7% | 1629.634s | 1629.389s |    0.044 |    0.544 |    0.007 |    0.081
   522 |   522 |    0.209s |    20.4% | 1630.493s | 1630.702s |    0.082 |    0.574 |    0.108 |    0.189
   523 |   523 |    0.233s |    20.2% | 1631.492s | 1631.725s |    0.027 |    0.427 |    0.032 |    0.157
   524 |   524 |    0.145s |    16.6% | 1632.734s | 1632.879s |    0.079 |    0.487 |    0.169 |    0.000
   526 |   526 |    0.204s |    20.4% | 1634.766s | 1634.562s |    0.068 |    0.759 |    0.098 |    0.001
   529 |   529 |    0.199s |    16.8% | 1637.459s | 1637.658s |    0.136 |    0.418 |    0.062 |    0.000
   530 |   530 |    0.292s |    31.9% | 1638.551s | 1638.843s |    0.132 |    0.247 |    0.168 |    0.000
   534 |   534 |    0.344s |    29.9% | 1642.359s | 1642.703s |    0.085 |    0.949 |    0.027 |    0.060
   535 |   535 |    0.194s |    18.3% | 1643.659s | 1643.853s |    0.180 |    0.541 |    0.002 |    0.072
   540 |   540 |    0.275s |    30.5% | 1648.744s | 1649.019s |    0.134 |    0.650 |    0.051 |    0.000
   549 |   549 |    0.178s |    19.1% | 1657.777s | 1657.955s |    0.041 |    0.857 |    0.103 |    0.000
   559 |   559 |    0.171s |    20.5% | 1666.879s | 1666.708s |    0.118 |    0.404 |    0.070 |    0.066
   564 |   564 |    0.161s |    18.5% | 1671.024s | 1671.185s |    0.071 |    0.696 |    0.022 |    0.081
   567 |   567 |    0.176s |    19.6% | 1674.054s | 1673.878s |    0.171 |    0.524 |    0.057 |    0.057
   572 |   572 |    0.140s |    15.5% | 1678.442s | 1678.302s |    0.060 |    0.770 |    0.095 |    0.006
   573 |   573 |    0.214s |    21.1% | 1679.418s | 1679.204s |    0.140 |    0.603 |    0.060 |    0.060
   574 |   574 |    0.210s |    22.7% | 1680.428s | 1680.218s |    0.079 |    0.601 |    0.049 |    0.109
   578 |   578 |    0.407s |    50.7% | 1683.434s | 1683.841s |    0.078 |    0.491 |    0.243 |    0.077
   580 |   580 |    0.232s |    27.5% | 1685.362s | 1685.594s |    0.001 |    0.700 |    0.131 |    0.208
   581 |   581 |    0.194s |    23.7% | 1686.244s | 1686.438s |    0.182 |    0.742 |    0.051 |    0.156
   595 |   595 |    0.128s |    15.5% | 1698.551s | 1698.423s |    0.132 |    0.793 |    0.091 |    0.041
   596 |   596 |    0.147s |    16.0% | 1699.398s | 1699.251s |    0.032 |    0.340 |    0.028 |    0.063
   601 |   601 |    0.365s |    16.3% | 1705.273s | 1705.638s |    0.089 |    0.749 |    3.638 |    1.232
   603 |   603 |    0.304s |    29.2% | 1711.682s | 1711.986s |    0.144 |    0.467 |    0.869 |    0.337
   605 |   605 |    0.192s |    21.6% | 1713.737s | 1713.929s |    0.123 |    1.015 |    0.118 |    0.118
   607 |   607 |    0.264s |    31.3% | 1715.478s | 1715.742s |    0.081 |    0.786 |    0.121 |    0.100
   608 |   608 |    0.214s |    24.1% | 1716.372s | 1716.586s |    0.172 |    0.698 |    0.060 |    0.040
   609 |   609 |    0.197s |    23.1% | 1717.278s | 1717.475s |    0.136 |    0.531 |    0.013 |    0.048
   612 |   612 |    0.250s |    24.5% | 1719.971s | 1720.221s |    0.032 |    0.799 |    0.040 |    0.021
   619 |   619 |    0.188s |    18.6% | 1727.100s | 1727.288s |    0.149 |    0.431 |    0.100 |    0.000
   620 |   620 |    0.248s |    22.3% | 1728.052s | 1728.300s |    0.121 |    0.627 |    0.144 |    0.000
   621 |   621 |    0.384s |    37.5% | 1729.027s | 1729.411s |    0.009 |    0.551 |    0.159 |    0.000
   622 |   622 |    0.350s |    32.1% | 1730.084s | 1730.434s |    0.021 |    0.999 |    0.302 |    0.000
   623 |   623 |    0.374s |    34.1% | 1731.152s | 1731.526s |    0.111 |    0.947 |    0.142 |    0.000
   624 |   624 |    0.496s |    48.4% | 1732.127s | 1732.623s |    0.176 |    0.663 |    0.074 |    0.000
   625 |   625 |    0.256s |    27.7% | 1733.392s | 1733.648s |    0.124 |    0.698 |    0.388 |    0.000
   626 |   626 |    0.261s |    25.7% | 1734.310s | 1734.571s |    0.178 |    0.689 |    0.028 |    0.000
   627 |   627 |    0.161s |    16.4% | 1735.424s | 1735.585s |    0.141 |    0.529 |    0.222 |    0.000
   628 |   628 |    0.273s |    26.2% | 1736.295s | 1736.568s |    0.161 |    0.452 |    0.015 |    0.000
   629 |   629 |    0.142s |    15.1% | 1737.468s | 1737.610s |    0.115 |    0.327 |    0.291 |    0.000
   630 |   630 |    0.164s |    15.6% | 1738.385s | 1738.549s |    0.113 |    0.688 |    0.083 |    0.014
   631 |   631 |    0.333s |    34.0% | 1739.267s | 1739.600s |    0.173 |    0.755 |    0.014 |    0.014
   632 |   632 |    0.255s |    25.6% | 1740.324s | 1740.579s |    0.172 |    0.418 |    0.129 |    0.000
   633 |   633 |    0.382s |    36.2% | 1741.194s | 1741.576s |    0.033 |    0.561 |    0.080 |    0.000
   634 |   634 |    0.253s |    28.9% | 1742.379s | 1742.632s |    0.019 |    0.488 |    0.363 |    0.000
   636 |   636 |    0.237s |    27.6% | 1744.143s | 1744.380s |    0.064 |    0.536 |    0.050 |    0.050
   640 |   640 |    0.231s |    25.9% | 1747.777s | 1748.008s |    0.040 |    0.347 |    0.004 |    0.000
   641 |   641 |    0.241s |    25.9% | 1748.660s | 1748.901s |    0.164 |    0.475 |    0.109 |    0.000
   642 |   642 |    0.277s |    31.0% | 1749.554s | 1749.831s |    0.094 |    0.480 |    0.035 |    0.000
   643 |   643 |    0.207s |    21.7% | 1750.517s | 1750.724s |    0.075 |    0.997 |    0.146 |    0.000
   644 |   644 |    0.218s |    24.7% | 1751.458s | 1751.676s |    0.054 |    0.305 |    0.033 |    0.000
   646 |   646 |    0.188s |    20.8% | 1753.304s | 1753.492s |    0.041 |    0.515 |    0.040 |    0.040
   648 |   648 |    0.163s |    16.9% | 1755.208s | 1755.371s |    0.185 |    0.350 |    0.063 |    0.000
   649 |   649 |    0.153s |    16.7% | 1756.183s | 1756.336s |    0.100 |    0.575 |    0.224 |    0.000
   650 |   650 |    0.211s |    24.5% | 1757.042s | 1757.253s |    0.061 |    0.731 |    0.062 |    0.000
   652 |   652 |    0.170s |    19.8% | 1758.911s | 1759.081s |    0.105 |    0.793 |    0.045 |    0.000
   653 |   653 |    0.193s |    21.8% | 1759.747s | 1759.940s |    0.094 |    0.676 |    0.011 |    0.000
   654 |   654 |    0.325s |    38.5% | 1760.502s | 1760.827s |    0.172 |    0.547 |    0.066 |    0.100
   660 |   660 |    0.155s |    16.1% | 1766.028s | 1766.183s |    0.144 |    0.470 |    0.052 |    0.000
   661 |   661 |    0.152s |    16.8% | 1766.992s | 1767.144s |    0.121 |    0.397 |    0.151 |    0.000
   662 |   662 |    0.141s |    16.2% | 1767.909s | 1768.050s |    0.058 |    0.948 |    0.051 |    0.005
   663 |   663 |    0.225s |    24.4% | 1768.698s | 1768.923s |    0.016 |    0.434 |    0.005 |    0.005
   665 |   665 |    0.148s |    18.5% | 1770.637s | 1770.785s |    0.165 |    0.545 |    0.042 |    0.000
   672 |   672 |    0.172s |    17.8% | 1776.872s | 1777.044s |    0.132 |    0.993 |    0.112 |    0.004
   673 |   673 |    0.269s |    31.4% | 1777.743s | 1778.012s |    0.121 |    0.785 |    0.046 |    0.000
   674 |   674 |    0.256s |    31.9% | 1778.613s | 1778.869s |    0.011 |    0.663 |    0.042 |    0.043
   683 |   683 |    0.231s |    23.0% | 1786.705s | 1786.936s |    0.083 |    0.478 |    0.018 |    0.031
   684 |   684 |    0.132s |    15.1% | 1787.808s | 1787.940s |    0.034 |    0.846 |    0.223 |    0.027
   685 |   685 |    0.173s |    20.5% | 1788.644s | 1788.817s |    0.154 |    0.960 |    0.027 |    0.027
   690 |   690 |    0.136s |    16.5% | 1793.091s | 1793.227s |    0.121 |    0.717 |    0.140 |    0.076
   695 |   695 |    0.147s |    15.4% | 1797.956s | 1797.809s |    0.101 |    0.444 |    0.150 |    0.124
   699 |   699 |    0.179s |    19.9% | 1801.264s | 1801.443s |    0.134 |    0.370 |    0.038 |    0.162
   704 |   704 |    0.187s |    19.8% | 1805.804s | 1805.991s |    0.179 |    0.521 |    0.159 |    0.159
   710 |   710 |    0.175s |    18.9% | 1811.609s | 1811.434s |    0.098 |    0.342 |    0.210 |    0.062
   713 |   713 |    0.282s |    31.2% | 1813.908s | 1814.190s |    0.044 |    0.563 |    0.030 |    0.062
   721 |   721 |    0.188s |    20.4% | 1821.350s | 1821.538s |    0.060 |    0.954 |    0.111 |    0.000
   722 |   722 |    0.147s |    15.1% | 1822.313s | 1822.460s |    0.141 |    0.805 |    0.138 |    0.000
   723 |   723 |    0.189s |    23.0% | 1823.242s | 1823.431s |    0.023 |    0.460 |    0.212 |    0.027
   724 |   724 |    0.266s |    30.0% | 1823.985s | 1824.251s |    0.142 |    0.542 |    0.027 |    0.027
   725 |   725 |    0.189s |    21.1% | 1824.949s | 1825.138s |    0.161 |    0.358 |    0.110 |    0.000
   726 |   726 |    0.190s |    20.6% | 1825.843s | 1826.033s |    0.018 |    0.314 |    0.201 |    0.000
   727 |   727 |    0.148s |    16.3% | 1826.806s | 1826.954s |    0.063 |    0.786 |    0.175 |    0.000
   730 |   730 |    0.209s |    22.7% | 1829.593s | 1829.802s |    0.138 |    0.393 |    0.041 |    0.041
   735 |   735 |    0.200s |    24.0% | 1834.330s | 1834.530s |    0.044 |    0.604 |    0.036 |    0.027
   736 |   736 |    0.232s |    24.8% | 1835.131s | 1835.363s |    0.075 |    0.969 |    0.027 |    0.009
   737 |   737 |    0.192s |    22.2% | 1836.106s | 1836.298s |    0.101 |    0.727 |    0.114 |    0.087
   738 |   738 |    0.221s |    28.2% | 1836.942s | 1837.163s |    0.089 |    0.648 |    0.012 |    0.012
   740 |   740 |    0.209s |    23.6% | 1839.020s | 1838.811s |    0.006 |    0.592 |    0.240 |    0.240
   742 |   742 |    0.564s |    43.9% | 1841.168s | 1840.604s |    0.070 |    0.525 |    0.048 |    0.048
   744 |   744 |    0.351s |    30.5% | 1843.265s | 1842.914s |    0.126 |    0.731 |    0.255 |    0.048
   745 |   745 |    0.397s |    32.9% | 1844.462s | 1844.065s |    0.067 |    0.798 |    0.048 |    0.044
   750 |   750 |    0.214s |    19.4% | 1849.167s | 1849.381s |    0.047 |    0.431 |    0.049 |    0.000
   751 |   751 |    0.248s |    24.6% | 1850.235s | 1850.483s |    0.062 |    0.540 |    0.124 |    0.000
   754 |   754 |    0.206s |    16.5% | 1853.196s | 1853.402s |    0.030 |    0.621 |    0.037 |    0.000
   755 |   755 |    0.258s |    25.7% | 1854.392s | 1854.650s |    0.019 |    0.760 |    0.093 |    0.090
   756 |   756 |    0.230s |    23.0% | 1855.425s | 1855.655s |    0.004 |    1.013 |    0.026 |    0.026
   757 |   757 |    0.489s |    52.1% | 1856.168s | 1856.657s |    0.120 |    0.976 |    0.116 |    0.116
   765 |   765 |    0.166s |    16.3% | 1864.457s | 1864.623s |    0.144 |    0.579 |    0.140 |    0.000
   767 |   767 |    0.263s |    27.4% | 1866.408s | 1866.671s |    0.172 |    0.743 |    0.103 |    0.103
   772 |   772 |    0.158s |    17.9% | 1871.447s | 1871.605s |    0.165 |    0.445 |    0.045 |    0.115
   779 |   779 |    0.197s |    22.5% | 1877.588s | 1877.785s |    0.095 |    0.266 |    0.012 |    0.086
   781 |   781 |    0.170s |    18.7% | 1879.353s | 1879.523s |    0.059 |    0.565 |    0.015 |    0.071
   793 |   793 |    0.270s |    30.2% | 1890.150s | 1890.420s |    0.116 |    0.333 |    0.197 |    0.180
   796 |   796 |    0.373s |    41.0% | 1893.471s | 1893.098s |    0.102 |    0.544 |    0.290 |    0.050
   797 |   797 |    0.311s |    34.0% | 1894.318s | 1894.007s |    0.070 |    0.748 |    0.050 |    0.020
   798 |   798 |    0.349s |    40.6% | 1895.270s | 1894.921s |    0.026 |    0.865 |    0.067 |    0.017
   799 |   799 |    0.383s |    42.0% | 1896.164s | 1895.781s |    0.167 |    0.595 |    0.010 |    0.027
   800 |   800 |    0.412s |    47.4% | 1897.105s | 1896.693s |    0.184 |    0.675 |    0.005 |    0.022
   801 |   801 |    0.402s |    46.5% | 1897.964s | 1897.562s |    0.020 |    0.787 |    0.002 |    0.024
   802 |   802 |    0.293s |    34.1% | 1898.719s | 1898.426s |    0.179 |    0.861 |    0.054 |    0.030
   803 |   803 |    0.352s |    40.6% | 1899.636s | 1899.284s |    0.134 |    0.963 |    0.126 |    0.096
   804 |   804 |    0.507s |    56.1% | 1900.657s | 1900.150s |    0.102 |    0.771 |    0.124 |    0.250
   805 |   805 |    0.381s |    43.8% | 1901.435s | 1901.054s |    0.050 |    0.593 |    0.138 |    0.112
   823 |   823 |    0.191s |    20.8% | 1917.562s | 1917.371s |    0.129 |    0.688 |    0.072 |    0.072
   829 |   829 |    0.235s |    28.3% | 1922.403s | 1922.638s |    0.085 |    0.693 |    0.249 |    0.037
   830 |   830 |    0.193s |    23.5% | 1923.274s | 1923.467s |    0.152 |    0.368 |    0.032 |    0.084
   833 |   833 |    0.146s |    17.9% | 1925.770s | 1925.916s |    0.185 |    0.640 |    0.265 |    0.145
   840 |   840 |    0.174s |    21.3% | 1931.946s | 1932.120s |    0.182 |    0.614 |    0.076 |    0.076
   841 |   841 |    0.156s |    17.2% | 1932.782s | 1932.938s |    0.063 |    0.793 |    0.026 |    0.069
   847 |   847 |    0.135s |    17.3% | 1938.192s | 1938.327s |    0.174 |    0.628 |    0.055 |    0.087
   849 |   849 |    0.137s |    16.3% | 1940.062s | 1939.925s |    0.074 |    0.692 |    0.091 |    0.199
   859 |   859 |    1.166s |    37.7% | 1953.831s | 1952.665s |    0.013 |    0.734 |    1.422 |    0.530
   860 |   860 |    0.620s |    28.3% | 1956.374s | 1955.754s |    0.097 |    0.746 |    0.049 |    0.579
   861 |   861 |    0.284s |    25.7% | 1957.662s | 1957.946s |    0.033 |    0.589 |    0.041 |    0.620
   863 |   863 |    0.316s |    36.7% | 1959.729s | 1960.045s |    0.025 |    0.834 |    0.099 |    0.217
   864 |   864 |    0.538s |    57.7% | 1960.368s | 1960.906s |    0.151 |    0.509 |    0.137 |    0.354
   865 |   865 |    0.344s |    41.7% | 1961.494s | 1961.838s |    0.118 |    0.830 |    0.137 |    0.217
   867 |   867 |    0.132s |    15.8% | 1963.502s | 1963.634s |    0.047 |    0.885 |    0.098 |    0.068
   868 |   868 |    0.235s |    28.7% | 1964.234s | 1964.469s |    0.104 |    0.543 |    0.068 |    0.068
   873 |   873 |    0.140s |    15.8% | 1968.889s | 1969.029s |    0.000 |    0.536 |    0.064 |    0.008
   874 |   874 |    0.246s |    24.8% | 1969.667s | 1969.913s |    0.043 |    0.707 |    0.008 |    0.000
   875 |   875 |    0.390s |    45.4% | 1970.515s | 1970.905s |    0.055 |    0.770 |    0.000 |    0.008
   876 |   876 |    0.309s |    35.8% | 1971.455s | 1971.764s |    0.143 |    0.472 |    0.202 |    0.000
   877 |   877 |    0.173s |    20.7% | 1972.453s | 1972.626s |    0.144 |    0.384 |    0.161 |    0.000
   878 |   878 |    0.253s |    28.1% | 1973.208s | 1973.461s |    0.062 |    0.509 |    0.001 |    0.000
   880 |   880 |    0.289s |    33.1% | 1975.066s | 1975.355s |    0.054 |    0.307 |    0.005 |    0.000
   881 |   881 |    0.130s |    15.3% | 1976.099s | 1976.229s |    0.064 |    0.518 |    0.095 |    0.000
   882 |   882 |    0.169s |    19.3% | 1976.912s | 1977.081s |    0.179 |    0.446 |    0.047 |    0.044
   883 |   883 |    0.313s |    34.3% | 1977.643s | 1977.956s |    0.026 |    0.324 |    0.044 |    0.044
   886 |   886 |    0.171s |    20.8% | 1980.580s | 1980.751s |    0.030 |    0.459 |    0.042 |    0.000
   887 |   887 |    0.181s |    20.2% | 1981.393s | 1981.574s |    0.036 |    0.594 |    0.064 |    0.000
   889 |   889 |    0.134s |    16.0% | 1983.251s | 1983.385s |    0.025 |    0.527 |    0.021 |    0.021
   891 |   891 |    0.322s |    37.1% | 1984.841s | 1985.163s |    0.074 |    0.684 |    0.052 |    0.052
   892 |   892 |    0.169s |    18.2% | 1985.863s | 1986.032s |    0.066 |    0.678 |    0.194 |    0.000
   893 |   893 |    0.158s |    17.6% | 1986.803s | 1986.961s |    0.048 |    0.721 |    0.029 |    0.000
   894 |   894 |    0.206s |    23.8% | 1987.651s | 1987.857s |    0.032 |    0.282 |    0.028 |    0.000
   896 |   896 |    0.282s |    31.0% | 1989.276s | 1989.558s |    0.185 |    0.803 |    0.061 |    0.061
   899 |   899 |    0.162s |    16.3% | 1992.423s | 1992.261s |    0.096 |    0.885 |    0.049 |    0.116
   902 |   902 |    0.148s |    15.3% | 1995.302s | 1995.154s |    0.146 |    0.885 |    0.196 |    0.344
   904 |   904 |    0.395s |    32.4% | 1997.531s | 1997.136s |    0.171 |    0.875 |    0.000 |    0.000
   913 |   913 |    0.245s |    26.3% | 2006.262s | 2006.507s |    0.152 |    0.563 |    0.021 |    0.157
   915 |   915 |    0.294s |    30.7% | 2008.735s | 2008.441s |    0.122 |    0.189 |    0.432 |    0.121
   920 |   920 |    0.158s |    15.3% | 2013.321s | 2013.479s |    0.102 |    0.654 |    0.011 |    0.011
   921 |   921 |    0.284s |    29.7% | 2014.226s | 2014.510s |    0.175 |    0.446 |    0.097 |    0.097
   934 |   934 |    0.165s |    17.9% | 2026.266s | 2026.431s |    0.062 |    0.946 |    0.063 |    0.000
   935 |   935 |    0.148s |    15.8% | 2027.206s | 2027.354s |    0.123 |    0.600 |    0.136 |    0.000
   940 |   940 |    0.154s |    17.8% | 2031.606s | 2031.760s |    0.139 |    0.377 |    0.102 |    0.082
   941 |   941 |    0.184s |    21.5% | 2032.442s | 2032.626s |    0.035 |    0.611 |    0.104 |    0.002
   945 |   945 |    0.541s |    55.3% | 2084.559s | 2085.100s |    0.013 |    0.572 |    0.243 |    0.243
   946 |   946 |    0.183s |    20.7% | 2085.895s | 2086.078s |    0.052 |    0.462 |    0.182 |    0.081
   950 |   950 |    0.214s |    20.3% | 2090.144s | 2090.358s |    0.129 |    0.200 |    0.198 |    0.000
   951 |   951 |    0.327s |    34.7% | 2091.084s | 2091.411s |    0.064 |    0.414 |    0.076 |    0.000
   952 |   952 |    0.225s |    26.0% | 2092.129s | 2092.354s |    0.137 |    0.509 |    0.137 |    0.000
   955 |   955 |    0.157s |    16.2% | 2095.113s | 2095.270s |    0.108 |    0.788 |    0.039 |    0.001
   956 |   956 |    0.164s |    16.6% | 2096.077s | 2096.241s |    0.033 |    0.543 |    0.017 |    0.017
   957 |   957 |    0.237s |    28.9% | 2096.994s | 2097.231s |    0.040 |    0.466 |    0.018 |    0.018
   958 |   958 |    0.186s |    20.1% | 2097.864s | 2098.050s |    0.053 |    0.714 |    0.021 |    0.000
   961 |   961 |    0.215s |    22.2% | 2100.697s | 2100.912s |    0.112 |    0.557 |    0.214 |    0.214
   964 |   964 |    0.292s |    36.1% | 2103.542s | 2103.834s |    0.166 |    0.467 |    0.058 |    0.000
   966 |   966 |    0.147s |    15.1% | 2105.423s | 2105.570s |    0.098 |    0.480 |    0.081 |    0.081
   971 |   971 |    0.274s |    28.7% | 2110.055s | 2110.329s |    0.145 |    0.534 |    0.054 |    0.054
   972 |   972 |    0.359s |    39.6% | 2110.926s | 2111.285s |    0.061 |    0.692 |    0.067 |    0.125
   973 |   973 |    0.245s |    25.0% | 2111.947s | 2112.192s |    0.000 |    0.174 |    0.153 |    0.000
   974 |   974 |    0.249s |    26.9% | 2112.923s | 2113.172s |    0.075 |    0.712 |    0.065 |    0.000
   980 |   980 |    0.151s |    15.7% | 2118.774s | 2118.925s |    0.113 |    0.521 |    0.013 |    0.105
   981 |   981 |    0.310s |    32.6% | 2119.575s | 2119.885s |    0.085 |    0.349 |    0.099 |    0.252
   990 |   990 |    0.286s |    27.4% | 2128.770s | 2128.484s |    0.033 |    1.000 |    0.244 |    0.022
   994 |   994 |    0.193s |    18.3% | 2132.764s | 2132.957s |    0.069 |    1.000 |    0.037 |    0.000
   997 |   997 |    0.314s |    24.4% | 2136.015s | 2136.329s |    0.014 |    1.000 |    0.013 |    0.013
   999 |   999 |    0.415s |    54.3% | 2140.845s | 2141.260s |    0.101 |    1.000 |    0.377 |    0.365
  1002 |  1002 |    0.121s |    18.1% | 2143.306s | 2143.427s |    0.038 |    1.000 |    0.023 |    0.000
  1005 |  1005 |    0.156s |    22.2% | 2145.396s | 2145.552s |    0.150 |    1.000 |    0.006 |    0.001
  1006 |  1006 |    0.117s |    17.6% | 2146.139s | 2146.256s |    0.058 |    1.000 |    0.001 |    0.001
  1009 |  1009 |    0.123s |    17.3% | 2148.275s | 2148.398s |    0.088 |    1.000 |    0.037 |    0.008
  1012 |  1012 |    0.106s |    15.1% | 2150.504s | 2150.610s |    0.167 |    1.000 |    0.006 |    0.002
  1036 |  1036 |    0.110s |    15.6% | 2167.873s | 2167.763s |    0.172 |    1.000 |    0.061 |    0.000
  1042 |  1042 |    0.319s |    43.3% | 2172.238s | 2171.919s |    0.016 |    1.000 |    0.180 |    0.183

  ⚠️  OVER-FLAGGED (False Positives): 23
      Measurements that are highly accurate (<15% error) but were flagged for review anyway.
      This indicates the 'anomaly' thresholds (e.g. gap deviation) are too strict for normal rubato.
   Idx |   Mix |    Error |    % Err |   Conf
  ------------------------------------------------------------
     3 |     3 |    0.272s |     7.5% | MEDIUM
    27 |    27 |    0.152s |     5.3% | MEDIUM
   141 |   141 |    0.168s |     7.4% |    LOW
   159 |   159 |    0.008s |     0.3% |    LOW
   169 |   169 |    0.023s |     0.7% |    LOW
   282 |   282 |    0.118s |     4.3% |    LOW
   286 |   286 |    0.136s |     5.3% | MEDIUM
   289 |   289 |    0.104s |     4.6% | MEDIUM
   304 |   304 |    0.360s |    14.8% |    LOW
   307 |   307 |    0.104s |     3.9% |    LOW
   316 |   316 |    0.222s |     9.7% |    LOW
   365 |   365 |    0.001s |     0.0% | MEDIUM
   378 |   378 |    0.174s |     5.1% |    LOW
   399 |   399 |    0.116s |     3.6% |    LOW
   416 |   416 |    0.037s |     0.9% |    LOW
   427 |   427 |    0.045s |     1.7% | MEDIUM
   428 |   428 |    0.037s |     1.3% | MEDIUM
   441 |   441 |    0.189s |     1.3% |    LOW
   538 |   538 |    0.002s |     0.2% |    LOW
   579 |   579 |    0.083s |     8.7% | MEDIUM
   817 |   817 |    0.059s |     6.9% |    LOW
   850 |   850 |    0.074s |     9.1% | MEDIUM
   911 |   911 |    0.122s |    12.5% | MEDIUM
    (Final timestamp excluded from all stats above)

============================================================
PIPELINE COMPLETE
============================================================

